Mon Nov  7 13:26:09 EST 2022
$PROBLEM SIR 106-104 + COV-effects(EGFR, AGE) on CL

$INPUT C NUM ID TIME SEQ CMT EVID AMT DV AGE WT HT EGFR ALB BMI SEX AAG
       SCR AST ALT CP TAFD TAD LDOS MDV BLQ PHASE OID

$DATA ../../../../data/derived/analysis3.csv IGNORE=(C='C', BLQ=1)

$SUBROUTINE ADVAN4 TRANS4

$PK
 
;log transformed PK parms
 
V2WT = LOG(WT/70)
CLWT = LOG(WT/70)*0.75
CLEGFR = LOG(EGFR/90)*THETA(6)
CLAGE = LOG(AGE/35)*THETA(7)
V3WT = LOG(WT/70)
QWT  = LOG(WT/70)*0.75
CLALB = LOG(ALB/4.5)*THETA(8)


KA   = EXP(THETA(1)+ETA(1))
V2   = EXP(THETA(2)+V2WT+ETA(2))
CL   = EXP(THETA(3)+CLWT+CLEGFR+CLAGE+CLALB+ETA(3))
V3   = EXP(THETA(4)+V3WT)
Q    = EXP(THETA(5)+QWT) 

S2 = V2/1000 ; dose in mcg, conc in mcg/mL

$ERROR
IPRED = F 
Y=IPRED*(1+EPS(1))

$THETA  ; log values
(0.361227857604772)   ;  1 KA (1/hr) - 1.5
(4.12922924551161)   ;  2 V2 (L) - 60
(1.15677323091455)   ;  3 CL (L/hr) - 3.5
(4.21244597785758)   ;  4 V3 (L) - 70
(1.35018609567813)   ;  5 Q  (L/hr) - 4
(0.396748718292001)   ;  6 CLEGFR~CL ()
(-0.144349606877302)   ;  7 AGE~CL ()
(0.366632686825828)   ;  8 ALB~CL ()

$OMEGA BLOCK(3)
0.065733030344315                                 ;ETA(KA)
0.0532945743533627 0.0738968646465068                  ;ETA(V2)
0.0926460896119736 0.0681760157811035 0.111722238384798   ;ETA(CL)

$SIGMA
0.0402124839734909     ; 1 pro error

$EST MAXEVAL=0 METHOD=1 INTER SIGL=6 NSIG=3 PRINT=1
NM-TRAN MESSAGES
  
 WARNINGS AND ERRORS (IF ANY) FOR PROBLEM    1
             
 (WARNING  2) NM-TRAN INFERS THAT THE DATA ARE POPULATION.

 LIM VALUES MAXLIM ASSESSED BY NMTRAN: 1,2,3,4,5,6,7,8,10,11,13,15,16        

License Registered to: Metrum Research Group (with RADAR5NM)
Expiration Date:    14 JUL 2023
Current Date:        7 NOV 2022
Days until program expires : 252
1NONLINEAR MIXED EFFECTS MODEL PROGRAM (NONMEM) VERSION 7.4.4
 ORIGINALLY DEVELOPED BY STUART BEAL, LEWIS SHEINER, AND ALISON BOECKMANN
 CURRENT DEVELOPERS ARE ROBERT BAUER, ICON DEVELOPMENT SOLUTIONS,
 AND ALISON BOECKMANN. IMPLEMENTATION, EFFICIENCY, AND STANDARDIZATION
 PERFORMED BY NOUS INFOSYSTEMS.

 PROBLEM NO.:         1
 SIR 106-104 + COV-effects(EGFR, AGE) on CL
0DATA CHECKOUT RUN:              NO
 DATA SET LOCATED ON UNIT NO.:    2
 THIS UNIT TO BE REWOUND:        NO
 NO. OF DATA RECS IN DATA SET:     4292
 NO. OF DATA ITEMS IN DATA SET:  28
 ID DATA ITEM IS DATA ITEM NO.:   3
 DEP VARIABLE IS DATA ITEM NO.:   9
 MDV DATA ITEM IS DATA ITEM NO.: 25
0INDICES PASSED TO SUBROUTINE PRED:
   7   4   8   0   0   0   6   0   0   0   0
0LABELS FOR DATA ITEMS:
 C NUM ID TIME SEQ CMT EVID AMT DV AGE WT HT EGFR ALB BMI SEX AAG SCR AST ALT CP TAFD TAD LDOS MDV BLQ PHASE OID
0FORMAT FOR DATA:
 (2(10E7.0/),8E7.0)

 TOT. NO. OF OBS RECS:     3142
 TOT. NO. OF INDIVIDUALS:      160
0LENGTH OF THETA:   8
0DEFAULT THETA BOUNDARY TEST OMITTED:    NO
0OMEGA HAS BLOCK FORM:
  1
  1  1
  1  1  1
0DEFAULT OMEGA BOUNDARY TEST OMITTED:    NO
0SIGMA HAS SIMPLE DIAGONAL FORM WITH DIMENSION:   1
0DEFAULT SIGMA BOUNDARY TEST OMITTED:    NO
0INITIAL ESTIMATE OF THETA:
   0.3612E+00  0.4129E+01  0.1157E+01  0.4212E+01  0.1350E+01  0.3967E+00 -0.1443E+00  0.3666E+00
0INITIAL ESTIMATE OF OMEGA:
 BLOCK SET NO.   BLOCK                                                                    FIXED
        1                                                                                   NO
                  0.6573E-01
                  0.5329E-01   0.7390E-01
                  0.9265E-01   0.6818E-01   0.1117E+00
0INITIAL ESTIMATE OF SIGMA:
 0.4021E-01
 INITIAL ESTIMATE OF OMEGA HAS A NONZERO BLOCK WHICH IS NUMERICALLY NOT POSITIVE DEFINITE
 #CPUT: Total CPU Time in Seconds,        0.047
Stop Time:
Mon Nov  7 13:27:12 EST 2022
